2026-06-01 16:22:43,627 - INFO - 88 models loaded
2026-06-01 16:22:43,627 - INFO - LOADED: AdaBoostClassifier
2026-06-01 16:22:43,627 - INFO - LOADED: BaggingClassifier
2026-06-01 16:22:43,627 - INFO - LOADED: BernoulliNB
2026-06-01 16:22:43,627 - INFO - LOADED: CalibratedClassifierCV
2026-06-01 16:22:43,627 - INFO - LOADED: CategoricalNB
2026-06-01 16:22:43,627 - INFO - LOADED: ClassifierChain
2026-06-01 16:22:43,628 - INFO - LOADED: ComplementNB
2026-06-01 16:22:43,628 - INFO - LOADED: DecisionTreeClassifier
2026-06-01 16:22:43,628 - INFO - LOADED: DummyClassifier
2026-06-01 16:22:43,628 - INFO - LOADED: ExtraTreeClassifier
2026-06-01 16:22:43,628 - INFO - LOADED: ExtraTreesClassifier
2026-06-01 16:22:43,628 - INFO - LOADED: GaussianNB
2026-06-01 16:22:43,628 - INFO - LOADED: GaussianProcessClassifier
2026-06-01 16:22:43,628 - INFO - LOADED: GradientBoostingClassifier
2026-06-01 16:22:43,628 - INFO - LOADED: HistGradientBoostingClassifier
2026-06-01 16:22:43,628 - INFO - LOADED: KNeighborsClassifier
2026-06-01 16:22:43,628 - INFO - LOADED: LabelPropagation
2026-06-01 16:22:43,628 - INFO - LOADED: LabelSpreading
2026-06-01 16:22:43,628 - INFO - LOADED: LinearDiscriminantAnalysis
2026-06-01 16:22:43,628 - INFO - LOADED: LinearSVC
2026-06-01 16:22:43,628 - INFO - LOADED: LogisticRegression
2026-06-01 16:22:43,628 - INFO - LOADED: LogisticRegressionCV
2026-06-01 16:22:43,628 - INFO - LOADED: MLPClassifier
2026-06-01 16:22:43,628 - INFO - LOADED: MultinomialNB
2026-06-01 16:22:43,628 - INFO - LOADED: NearestCentroid
2026-06-01 16:22:43,628 - INFO - LOADED: NuSVC
2026-06-01 16:22:43,628 - INFO - LOADED: PassiveAggressiveClassifier
2026-06-01 16:22:43,628 - INFO - LOADED: Perceptron
2026-06-01 16:22:43,628 - INFO - LOADED: QuadraticDiscriminantAnalysis
2026-06-01 16:22:43,628 - INFO - LOADED: RadiusNeighborsClassifier
2026-06-01 16:22:43,628 - INFO - LOADED: RandomForestClassifier
2026-06-01 16:22:43,628 - INFO - LOADED: RidgeClassifier
2026-06-01 16:22:43,628 - INFO - LOADED: RidgeClassifierCV
2026-06-01 16:22:43,628 - INFO - LOADED: SGDClassifier
2026-06-01 16:22:43,628 - INFO - LOADED: SVC
2026-06-01 16:22:43,628 - INFO - LOADED: SelfTrainingClassifier
2026-06-01 16:22:43,629 - INFO - LOADED: ARDRegression
2026-06-01 16:22:43,629 - INFO - LOADED: AdaBoostRegressor
2026-06-01 16:22:43,629 - INFO - LOADED: BaggingRegressor
2026-06-01 16:22:43,629 - INFO - LOADED: BayesianRidge
2026-06-01 16:22:43,629 - INFO - LOADED: CCA
2026-06-01 16:22:43,629 - INFO - LOADED: DecisionTreeRegressor
2026-06-01 16:22:43,629 - INFO - LOADED: DummyRegressor
2026-06-01 16:22:43,629 - INFO - LOADED: ElasticNet
2026-06-01 16:22:43,629 - INFO - LOADED: ElasticNetCV
2026-06-01 16:22:43,629 - INFO - LOADED: ExtraTreeRegressor
2026-06-01 16:22:43,629 - INFO - LOADED: ExtraTreesRegressor
2026-06-01 16:22:43,629 - INFO - LOADED: GammaRegressor
2026-06-01 16:22:43,629 - INFO - LOADED: GaussianProcessRegressor
2026-06-01 16:22:43,629 - INFO - LOADED: GradientBoostingRegressor
2026-06-01 16:22:43,629 - INFO - LOADED: HistGradientBoostingRegressor
2026-06-01 16:22:43,629 - INFO - LOADED: HuberRegressor
2026-06-01 16:22:43,629 - INFO - LOADED: IsotonicRegression
2026-06-01 16:22:43,629 - INFO - LOADED: KNeighborsRegressor
2026-06-01 16:22:43,629 - INFO - LOADED: KernelRidge
2026-06-01 16:22:43,629 - INFO - LOADED: Lars
2026-06-01 16:22:43,629 - INFO - LOADED: LarsCV
2026-06-01 16:22:43,629 - INFO - LOADED: Lasso
2026-06-01 16:22:43,629 - INFO - LOADED: LassoCV
2026-06-01 16:22:43,629 - INFO - LOADED: LassoLars
2026-06-01 16:22:43,629 - INFO - LOADED: LassoLarsCV
2026-06-01 16:22:43,629 - INFO - LOADED: LassoLarsIC
2026-06-01 16:22:43,629 - INFO - LOADED: LinearRegression
2026-06-01 16:22:43,629 - INFO - LOADED: LinearSVR
2026-06-01 16:22:43,629 - INFO - LOADED: MLPRegressor
2026-06-01 16:22:43,629 - INFO - LOADED: MultiTaskElasticNet
2026-06-01 16:22:43,629 - INFO - LOADED: MultiTaskElasticNetCV
2026-06-01 16:22:43,629 - INFO - LOADED: MultiTaskLasso
2026-06-01 16:22:43,629 - INFO - LOADED: MultiTaskLassoCV
2026-06-01 16:22:43,630 - INFO - LOADED: NuSVR
2026-06-01 16:22:43,630 - INFO - LOADED: OrthogonalMatchingPursuit
2026-06-01 16:22:43,630 - INFO - LOADED: OrthogonalMatchingPursuitCV
2026-06-01 16:22:43,630 - INFO - LOADED: PLSCanonical
2026-06-01 16:22:43,630 - INFO - LOADED: PLSRegression
2026-06-01 16:22:43,630 - INFO - LOADED: PassiveAggressiveRegressor
2026-06-01 16:22:43,630 - INFO - LOADED: PoissonRegressor
2026-06-01 16:22:43,630 - INFO - LOADED: QuantileRegressor
2026-06-01 16:22:43,630 - INFO - LOADED: RANSACRegressor
2026-06-01 16:22:43,630 - INFO - LOADED: RadiusNeighborsRegressor
2026-06-01 16:22:43,630 - INFO - LOADED: RandomForestRegressor
2026-06-01 16:22:43,630 - INFO - LOADED: RegressorChain
2026-06-01 16:22:43,630 - INFO - LOADED: Ridge
2026-06-01 16:22:43,630 - INFO - LOADED: RidgeCV
2026-06-01 16:22:43,630 - INFO - LOADED: SGDRegressor
2026-06-01 16:22:43,630 - INFO - LOADED: SVR
2026-06-01 16:22:43,630 - INFO - LOADED: TheilSenRegressor
2026-06-01 16:22:43,630 - INFO - LOADED: TransformedTargetRegressor
2026-06-01 16:22:43,630 - INFO - LOADED: TweedieRegressor
2026-06-01 16:22:43,630 - INFO - ---
2026-06-01 16:22:43,630 - INFO - ---11 models failed to load
2026-06-01 16:22:43,630 - INFO - FAILED: FixedThresholdClassifier
2026-06-01 16:22:43,630 - INFO - FAILED: MultiOutputClassifier
2026-06-01 16:22:43,630 - INFO - FAILED: OneVsOneClassifier
2026-06-01 16:22:43,630 - INFO - FAILED: OneVsRestClassifier
2026-06-01 16:22:43,630 - INFO - FAILED: OutputCodeClassifier
2026-06-01 16:22:43,631 - INFO - FAILED: StackingClassifier
2026-06-01 16:22:43,631 - INFO - FAILED: TunedThresholdClassifierCV
2026-06-01 16:22:43,631 - INFO - FAILED: VotingClassifier
2026-06-01 16:22:43,631 - INFO - FAILED: MultiOutputRegressor
2026-06-01 16:22:43,631 - INFO - FAILED: StackingRegressor
2026-06-01 16:22:43,631 - INFO - FAILED: VotingRegressor
